// Jest Snapshot v1, https://goo.gl/fbAQLP

exports[`Edit Post Component Completely loads the page and updates the content successfully 1`] = `
<section
  class="editPost"
  data-testid="test-id-edit-post"
>
  <form
    class="form  false"
  >
    <h2
      class="title false"
    >
      Edit Post : 2B
    </h2>
    <div
      class="field "
    >
      <label
        class="label false"
        for="title"
        id="titleLabel"
      >
        Title*
      </label>
      <input
        aria-labelledby="titleLabel"
        class="input  false"
        name="title"
        placeholder="Enter your title here"
        required=""
        type="string"
        value="2B"
      />
    </div>
    <div
      class="field "
    >
      <div
        class="loadingWrapper"
        data-testid="test-id-loading-spinner"
      >
        <span
          class="loadingSpinner"
        />
        <p
          class="loadingText"
        >
          Loading, please wait...
        </p>
      </div>
    </div>
    <div
      class="field "
    >
      <label
        class="label false"
        for="imageUrl"
        id="imageUrlLabel"
      >
        Previous image: 2B.png
      </label>
      <div
        class="imagePreview"
        style="background-image: url(test-file-stub); background-size: contain; background-position: left;"
      />
    </div>
    <div
      class="field "
    >
      <label
        class="label false"
        for="content"
        id="contentLabel"
      >
        Content*
      </label>
      <textarea
        aria-labelledby="contentLabel"
        class="textarea  false"
        name="content"
        placeholder="Please enter your content"
        required=""
        rows="3"
      >
        YoRHa No. 2 Type B,[a] commonly known as 2B,[b] is a fictional android from the 2017 video game Nier: Automata, a spin-off of the Drakengard series developed by PlatinumGames and published by Square Enix. One of the game's three protagonists, 2B is a soldier for YoRHa, an android task force fighting a proxy war with alien-created Machine Lifeforms. Her story arc focuses on her backstory within YoRHa, and her relationship with her partner 9S, a reconnaissance android. She is also featured in related media, such as the anime Nier: Automata Ver1.1a.
      </textarea>
    </div>
    <button
      class="button button__primary"
      data-testid="test-id-edit-post-submit-button"
      type="submit"
    >
      Submit
    </button>
  </form>
</section>
`;

exports[`Edit Post Component Matches the snapshot 1`] = `
<section
  class="editPost"
  data-testid="test-id-edit-post"
>
  <form
    class="form  false"
  >
    <h2
      class="title false"
    >
      Edit Post : 2B
    </h2>
    <div
      class="field "
    >
      <label
        class="label false"
        for="title"
        id="titleLabel"
      >
        Title*
      </label>
      <input
        aria-labelledby="titleLabel"
        class="input  false"
        name="title"
        placeholder="Enter your title here"
        required=""
        type="string"
        value="2B"
      />
    </div>
    <div
      class="field "
    >
      <div
        class="loadingWrapper"
        data-testid="test-id-loading-spinner"
      >
        <span
          class="loadingSpinner"
        />
        <p
          class="loadingText"
        >
          Loading, please wait...
        </p>
      </div>
    </div>
    <div
      class="field "
    >
      <label
        class="label false"
        for="imageUrl"
        id="imageUrlLabel"
      >
        Previous image: 2B.png
      </label>
      <div
        class="imagePreview"
        style="background-image: url(test-file-stub); background-size: contain; background-position: left;"
      />
    </div>
    <div
      class="field "
    >
      <label
        class="label false"
        for="content"
        id="contentLabel"
      >
        Content*
      </label>
      <textarea
        aria-labelledby="contentLabel"
        class="textarea  false"
        name="content"
        placeholder="Please enter your content"
        required=""
        rows="3"
      >
        YoRHa No. 2 Type B,[a] commonly known as 2B,[b] is a fictional android from the 2017 video game Nier: Automata, a spin-off of the Drakengard series developed by PlatinumGames and published by Square Enix. One of the game's three protagonists, 2B is a soldier for YoRHa, an android task force fighting a proxy war with alien-created Machine Lifeforms. Her story arc focuses on her backstory within YoRHa, and her relationship with her partner 9S, a reconnaissance android. She is also featured in related media, such as the anime Nier: Automata Ver1.1a.
      </textarea>
    </div>
    <button
      class="button button__primary"
      data-testid="test-id-edit-post-submit-button"
      type="submit"
    >
      Submit
    </button>
  </form>
</section>
`;
