// Jest Snapshot v1, https://goo.gl/fbAQLP

exports[`Post Screen Component Matches the screenshot 1`] = `
<section
  class="post"
  data-testid="test-id-post-screen"
>
  <h1
    class="post__title"
  >
    2B
  </h1>
  <p
    class="post__date"
  >
    Uploaded: NaN/NaN/NaN NaN:NaN:NaN
  </p>
  <img
    alt="2B"
    class="post__image"
    src="test-file-stub"
  />
  <p>
    YoRHa No. 2 Type B,[a] commonly known as 2B,[b] is a fictional android from the 2017 video game Nier: Automata, a spin-off of the Drakengard series developed by PlatinumGames and published by Square Enix. One of the game's three protagonists, 2B is a soldier for YoRHa, an android task force fighting a proxy war with alien-created Machine Lifeforms. Her story arc focuses on her backstory within YoRHa, and her relationship with her partner 9S, a reconnaissance android. She is also featured in related media, such as the anime Nier: Automata Ver1.1a.
  </p>
</section>
`;
