// Jest Snapshot v1, https://goo.gl/fbAQLP

exports[`App Component Tests Renders the app successfully 1`] = `
<div
  class="app"
  data-testid="test-id-app-component"
>
  <div
    class="loadingWrapper"
    data-testid="test-id-loading-spinner"
  >
    <span
      class="loadingSpinner"
    />
    <p
      class="loadingText"
    >
      Loading, please wait...
    </p>
  </div>
</div>
`;
